--------------------------------------------------
DateTime      : 2025-07-19 13:01:07
Package Name  : Pkg_FillBaseInfo
Source Task   : DeleteFactStockDocument
Script Task   : Pkg_FillStockDocumentInfo_PostExecute
Execution ID  : {DCE67B64-9E5F-45F0-89E5-202084E88C44}
Status        : Success
--------------------------------------------------

--------------------------------------------------
DateTime      : 2025-07-19 13:01:07
Package Name  : Pkg_FillBaseInfo
Source Task   : FillFactStockDocument
Script Task   : Pkg_FillStockDocumentInfo_PostExecute
Execution ID  : {DCE67B64-9E5F-45F0-89E5-202084E88C44}
Status        : Success
--------------------------------------------------

--------------------------------------------------
DateTime      : 2025-07-19 13:01:08
Package Name  : Pkg_FillBaseInfo
Source Task   : FillDimStockDocument
Script Task   : Pkg_FillStockDocumentInfo_PostExecute
Execution ID  : {DCE67B64-9E5F-45F0-89E5-202084E88C44}
Status        : Success
--------------------------------------------------

--------------------------------------------------
DateTime      : 2025-07-19 13:01:08
Package Name  : Pkg_FillBaseInfo
Source Task   : UpdateRefStatus
Script Task   : Pkg_FillStockDocumentInfo_PostExecute
Execution ID  : {DCE67B64-9E5F-45F0-89E5-202084E88C44}
Status        : Success
--------------------------------------------------

--------------------------------------------------
DateTime      : 2025-07-19 13:01:08
Package Name  : Pkg_FillBaseInfo
Source Task   : FillDimEtlTime
Script Task   : Pkg_FillStockDocumentInfo_PostExecute
Execution ID  : {DCE67B64-9E5F-45F0-89E5-202084E88C44}
Status        : Success
--------------------------------------------------

--------------------------------------------------
DateTime      : 2025-07-19 13:01:08
Package Name  : Pkg_FillBaseInfo
Source Task   : Seq_FillStockDocumentInfo
Script Task   : Pkg_FillStockDocumentInfo_PostExecute
Execution ID  : {DCE67B64-9E5F-45F0-89E5-202084E88C44}
Status        : Success
--------------------------------------------------

--------------------------------------------------
DateTime      : 2025-07-19 13:01:08
Package Name  : Pkg_FillBaseInfo
Source Task   : Pkg_FillStockDocumentInfo
Script Task   : Pkg_FillStockDocumentInfo_PostExecute
Execution ID  : {DCE67B64-9E5F-45F0-89E5-202084E88C44}
Status        : Success
--------------------------------------------------

--------------------------------------------------
DateTime      : 2025-07-19 13:01:08
Package Name  : Pkg_FillBaseInfo
Source Task   : Run_Pkg_FillStockDocumentInfo
Script Task   : Pkg_FillStockDocumentInfo_PostExecute
Execution ID  : {DCE67B64-9E5F-45F0-89E5-202084E88C44}
Status        : Success
--------------------------------------------------

