--------------------------------------------------
DateTime      : 2025-07-19 13:00:41
Package Name  : Pkg_FillBaseInfo
Source Task   : FillDimStock
Script Task   : Pkg_FillBaseSaletInfo_PostExecute
Execution ID  : {DCE67B64-9E5F-45F0-89E5-202084E88C44}
Status        : Success
--------------------------------------------------

--------------------------------------------------
DateTime      : 2025-07-19 13:00:41
Package Name  : Pkg_FillBaseInfo
Source Task   : FillDimReason
Script Task   : Pkg_FillBaseSaletInfo_PostExecute
Execution ID  : {DCE67B64-9E5F-45F0-89E5-202084E88C44}
Status        : Success
--------------------------------------------------

--------------------------------------------------
DateTime      : 2025-07-19 13:00:42
Package Name  : Pkg_FillBaseInfo
Source Task   : FillDimSupplier
Script Task   : Pkg_FillBaseSaletInfo_PostExecute
Execution ID  : {DCE67B64-9E5F-45F0-89E5-202084E88C44}
Status        : Success
--------------------------------------------------

--------------------------------------------------
DateTime      : 2025-07-19 13:00:43
Package Name  : Pkg_FillBaseInfo
Source Task   : CheckItemExists
Script Task   : Pkg_FillBaseSaletInfo_PostExecute
Execution ID  : {DCE67B64-9E5F-45F0-89E5-202084E88C44}
Status        : Success
--------------------------------------------------

--------------------------------------------------
DateTime      : 2025-07-19 13:00:43
Package Name  : Pkg_FillBaseInfo
Source Task   : Seq_FillBaseInfoSale
Script Task   : Pkg_FillBaseSaletInfo_PostExecute
Execution ID  : {DCE67B64-9E5F-45F0-89E5-202084E88C44}
Status        : Success
--------------------------------------------------

--------------------------------------------------
DateTime      : 2025-07-19 13:00:43
Package Name  : Pkg_FillBaseInfo
Source Task   : Pkg_FillBaseSaleInfo
Script Task   : Pkg_FillBaseSaletInfo_PostExecute
Execution ID  : {DCE67B64-9E5F-45F0-89E5-202084E88C44}
Status        : Success
--------------------------------------------------

--------------------------------------------------
DateTime      : 2025-07-19 13:00:43
Package Name  : Pkg_FillBaseInfo
Source Task   : Run_Pkg_Pkg_FillBaseSaleInfo
Script Task   : Pkg_FillBaseSaletInfo_PostExecute
Execution ID  : {DCE67B64-9E5F-45F0-89E5-202084E88C44}
Status        : Success
--------------------------------------------------

