--------------------------------------------------
DateTime      : 2025-07-19 13:00:56
Package Name  : Pkg_FillBaseInfo
Source Task   : FillDimCustomer
Script Task   : Pkg_FillCutomerInfo_PostExecute
Execution ID  : {DCE67B64-9E5F-45F0-89E5-202084E88C44}
Status        : Success
--------------------------------------------------

--------------------------------------------------
DateTime      : 2025-07-19 13:00:56
Package Name  : Pkg_FillBaseInfo
Source Task   : FillDimCustomerGroup
Script Task   : Pkg_FillCutomerInfo_PostExecute
Execution ID  : {DCE67B64-9E5F-45F0-89E5-202084E88C44}
Status        : Success
--------------------------------------------------

--------------------------------------------------
DateTime      : 2025-07-19 13:00:56
Package Name  : Pkg_FillBaseInfo
Source Task   : FillDimEtlTime
Script Task   : Pkg_FillCutomerInfo_PostExecute
Execution ID  : {DCE67B64-9E5F-45F0-89E5-202084E88C44}
Status        : Success
--------------------------------------------------

--------------------------------------------------
DateTime      : 2025-07-19 13:00:56
Package Name  : Pkg_FillBaseInfo
Source Task   : Seq_FillCustomerInfo
Script Task   : Pkg_FillCutomerInfo_PostExecute
Execution ID  : {DCE67B64-9E5F-45F0-89E5-202084E88C44}
Status        : Success
--------------------------------------------------

--------------------------------------------------
DateTime      : 2025-07-19 13:00:56
Package Name  : Pkg_FillBaseInfo
Source Task   : Pkg_FillCustomerInfo
Script Task   : Pkg_FillCutomerInfo_PostExecute
Execution ID  : {DCE67B64-9E5F-45F0-89E5-202084E88C44}
Status        : Success
--------------------------------------------------

--------------------------------------------------
DateTime      : 2025-07-19 13:00:56
Package Name  : Pkg_FillBaseInfo
Source Task   : Run_Pkg_FillCustomerInfo
Script Task   : Pkg_FillCutomerInfo_PostExecute
Execution ID  : {DCE67B64-9E5F-45F0-89E5-202084E88C44}
Status        : Success
--------------------------------------------------

